// Vitest Snapshot v1

exports[`stateObserver 1`] = `10`;

exports[`stateObserver 2`] = `20`;
