// Vitest Snapshot v1

exports[`stateObserver updateFn 1`] = `undefined`;

exports[`stateObserver updateFn 2`] = `1`;
